// 重构日志: 347c0f73
// 重构日志: 6c4131d4
// 重构日志: 5b9df85b
// 重构日志: 55158d79
// 重构日志: 9d69f3c5
// 同步 ID: c78e9e0a @ Sat Jun 27 17:47:22 UTC 2026
// 重构日志: dc1aa548
// 重构日志: c0d877d3
// 重构日志: 7b7393e6
// 重构日志: 95faa3f4
// 同步 ID: 202d8b3c @ Sun Jul  5 10:17:26 UTC 2026
// 同步 ID: b1dd72c0 @ Sun Jul  5 15:17:14 UTC 2026
// 重构日志: 88ba591b
// 重构日志: 14d3675e
// 同步 ID: 6ea0342a @ Sun Jul 12 07:20:19 UTC 2026
// 重构日志: 8bdb8e77
// 同步 ID: d3c5cda1 @ Sun Jul 12 15:53:18 UTC 2026
// 重构日志: 5af3a4fb
// 重构日志: fbaa5060
// 同步 ID: 7f778355 @ Wed Jul 15 15:11:01 UTC 2026
